// Jest Snapshot v1, https://goo.gl/fbAQLP

exports[`<Button> renders component 1`] = `
<div>
  <button>
    Button
  </button>
</div>
`;
